# 练习2 
### 创建company数据库

```
mysql> CREATE DATABASE company;
Query OK, 1 row affected (0.08 sec)

mysql> use company;
Database changed
```

#### 创建dept表

```
mysql> CREATE TABLE dept (`DEPTNO` INT COMMENT '部门编号',`DNAME` VARCHAR(14) COMMENT '部门名称');
Query OK, 0 rows affected (0.10 sec)
mysql> ALTER TABLE dept ADD `LOC` VARCHAR(14) COMMENT '部门地点';
Query OK, 0 rows affected (0.07 sec)
Records: 0  Duplicates: 0  Warnings: 0
```

#### 创建emp表

```
mysql> CREATE TABLE EMP (`EMPNO` INT COMMENT '员工编号',`ENAME` VARCHAR(10) COMMENT '员工姓名',`JOB` VARCHAR(9) COMMENT '员工职位',`MGR` INT COMMENT '领导编号',`HIREDATE` DATE COMMENT '入职日期',`SAL` DOUBLE COMMENT '工资',`COMM` DOUBLE COMMENT '奖金',`DEPTNO` INT COMMENT '部门编号');
Query OK, 0 rows affected (0.13 sec)
```

#### 创建salgrade表

```
mysql> CREATE TABLE salgrade;
ERROR 4028 (HY000): A table must have at least one visible column.
mysql> CREATE TABLE salgrade (`GRADE` INT COMMENT '工资等级');
Query OK, 0 rows affected (0.11 sec)
mysql> ALTER TABLE salgrade ADD LOSAL INT COMMENT '最低工资';
Query OK, 0 rows affected (0.08 sec)
Records: 0  Duplicates: 0  Warnings: 0

mysql> ALTER TABLE salgrade ADD HISAL INT COMMENT '最高工资';
Query OK, 0 rows affected (0.05 sec)
Records: 0  Duplicates: 0  Warnings: 0
mysql> desc salgrade;
+-------+------+------+-----+---------+-------+
| Field | Type | Null | Key | Default | Extra |
+-------+------+------+-----+---------+-------+
| GRADE | int  | YES  |     | NULL    |       |
| LOSAL | int  | YES  |     | NULL    |       |
| HISAL | int  | YES  |     | NULL    |       |
+-------+------+------+-----+---------+-------+
3 rows in set (0.00 sec)
```

#### 给emp表插入数据

```
mysql> INSERT INTO emp VALUES
    -> (7369,'SMITH','CLERK',7902,'1980-01-17',800,NULL,20),
    -> (7499, 'ALLEN','SALESMAN',7698,'1981-02-20',1600,300,30),
    -> (7521,'WARD','SALESMAN',7698,'1981-02-22',1250,300,30),
    -> (7566,'JONES','MANAGER',7839,'1981-04-02',2975,NULL,20),
    -> (7654, 'MARTIN','SALESMAN',7698,'1981-09-28',1250,1400,30),
    -> (7698, 'BLAKE','MANAGER',7839,'1981-05-01',2850,NULL,30),
    -> (7782, 'CLARK','MANAGER',7839,'1981-06-09',2450,NULL,10),
    -> (7839 ,'SCOTT','ANALYST',7566,'1987-07-13',3000,NULL,20),
    -> (7839, 'KING','PRESIDENT',NULL,'1981-11-17',5000,NULL,10),
    -> (7844, 'TURNER','SALESMAN',7698,'1981-09-08',1500,0,30),
    -> (7876, 'ADAMS','CLERK',7788,'1987-07-13',1100,NULL,20),
    -> (7900, 'JAMES','CLERK',7698,'1981-12-03',950,NULL,30),
    -> (7902, 'FORD','ANALYST',7566,'1981-12-03',3000,NULL,20),
    -> (7934, 'MILLER','CLERK',7782,'1982-01-23',1300,NULL,10);
Query OK, 14 rows affected (0.07 sec)
Records: 14  Duplicates: 0  Warnings: 0
```

#### 给salgrade表插入数据

```
mysql> INSERT INTO salgrade values
    -> (1,700,1200),
    -> (2,1201,1400),
    -> (3,1401,2000),
    -> (4,2001,3000),
    -> (5,3001,9999);
Query OK, 5 rows affected (0.04 sec)
Records: 5  Duplicates: 0  Warnings: 0
```

#### 给dept表插入数据

```
mysql> INSERT INTO dept VALUES
    -> (10,'ACCOUNTING','NEW YORK'),
    -> (20,'RESEARCH','DALLAS'),
    -> (30,'SALES','CHICAGO'),
    -> (40,'OPERATIONS','BOSTON');
Query OK, 4 rows affected (0.08 sec)
Records: 4  Duplicates: 0  Warnings: 0
```

### 完成以下SQL编写：

####  修改emp表中sal字段为salary

```
ALTER TABLE EMP CHANGE SAL SALARY DOUBLE;
Query OK, 0 rows affected (0.07 sec)
Records: 0  Duplicates: 0  Warnings: 0
```

####  查找年薪在20000到30000之间的所有员工信息并按照 工资降序显示

```
SELECT * FROM EMP WHERE SALARY*12 BETWEEN 20000 AND 30000 ORDER BY SALARY DESC;
+-------+-------+---------+------+------------+--------+------+--------+
| EMPNO | ENAME | JOB     | MGR  | HIREDATE   | SALARY | COMM | DEPTNO |
+-------+-------+---------+------+------------+--------+------+--------+
|  7782 | CLARK | MANAGER | 7839 | 1981-06-09 |   2450 | NULL |     10 |
+-------+-------+---------+------+------------+--------+------+--------+
1 row in set (0.00 sec)
```

####  查找员工姓名中包含'A'的所有员工信息

```
mysql> SELECT * FROM EMP WHERE ENAME LIKE '%A%';
+-------+--------+----------+------+------------+--------+------+--------+
| EMPNO | ENAME  | JOB      | MGR  | HIREDATE   | SALARY | COMM | DEPTNO |
+-------+--------+----------+------+------------+--------+------+--------+
|  7499 | ALLEN  | SALESMAN | 7698 | 1981-02-20 |   1600 |  300 |     30 |
|  7521 | WARD   | SALESMAN | 7698 | 1981-02-22 |   1250 |  300 |     30 |
|  7654 | MARTIN | SALESMAN | 7698 | 1981-09-28 |   1250 | 1400 |     30 |
|  7698 | BLAKE  | MANAGER  | 7839 | 1981-05-01 |   2850 | NULL |     30 |
|  7782 | CLARK  | MANAGER  | 7839 | 1981-06-09 |   2450 | NULL |     10 |
|  7876 | ADAMS  | CLERK    | 7788 | 1987-07-13 |   1100 | NULL |     20 |
|  7900 | JAMES  | CLERK    | 7698 | 1981-12-03 |    950 | NULL |     30 |
+-------+--------+----------+------+------------+--------+------+--------+
7 rows in set (0.00 sec)
```

####  查找所有员工姓名中包含'A'及'E'的员工信息

```
SELECT * FROM EMP WHERE ENAME LIKE '%A%E%';
+-------+-------+----------+------+------------+--------+------+--------+
| EMPNO | ENAME | JOB      | MGR  | HIREDATE   | SALARY | COMM | DEPTNO |
+-------+-------+----------+------+------------+--------+------+--------+
|  7499 | ALLEN | SALESMAN | 7698 | 1981-02-20 |   1600 |  300 |     30 |
|  7698 | BLAKE | MANAGER  | 7839 | 1981-05-01 |   2850 | NULL |     30 |
|  7900 | JAMES | CLERK    | 7698 | 1981-12-03 |    950 | NULL |     30 |
+-------+-------+----------+------+------------+--------+------+--------+
3 rows in set (0.00 sec)
```

####  查找所有的职位为SALESMAN的员工信息

```
SELECT* FROM EMP WHERE JOB='SALESMAN';
+-------+--------+----------+------+------------+--------+------+--------+
| EMPNO | ENAME  | JOB      | MGR  | HIREDATE   | SALARY | COMM | DEPTNO |
+-------+--------+----------+------+------------+--------+------+--------+
|  7499 | ALLEN  | SALESMAN | 7698 | 1981-02-20 |   1600 |  300 |     30 |
|  7521 | WARD   | SALESMAN | 7698 | 1981-02-22 |   1250 |  300 |     30 |
|  7654 | MARTIN | SALESMAN | 7698 | 1981-09-28 |   1250 | 1400 |     30 |
|  7844 | TURNER | SALESMAN | 7698 | 1981-09-08 |   1500 |    0 |     30 |
+-------+--------+----------+------+------------+--------+------+--------+
4 rows in set (0.00 sec)
```

####  将工资低于2000的员工工资涨薪200

````
mysql> UPDATE EMP SET SALARY=SALARY + 200 WHERE SALARY<2000;
Query OK, 8 rows affected (0.06 sec)
Rows matched: 8  Changed: 8  Warnings: 0
````

 ####  查询没有上级领导的所有员工信息

```
mysql> SELECT * FROM EMP WHERE MGR IS NULL;
+-------+-------+-----------+------+------------+--------+------+--------+
| EMPNO | ENAME | JOB       | MGR  | HIREDATE   | SALARY | COMM | DEPTNO |
+-------+-------+-----------+------+------------+--------+------+--------+
|  7839 | KING  | PRESIDENT | NULL | 1981-11-17 |   5000 | NULL |     10 |
+-------+-------+-----------+------+------------+--------+------+--------+
1 row in set (0.00 sec)
```

####  查询没有奖金的所有员工信息

```
SELECT * FROM EMP WHERE COMM IS NULL;
+-------+--------+-----------+------+------------+--------+------+--------+
| EMPNO | ENAME  | JOB       | MGR  | HIREDATE   | SALARY | COMM | DEPTNO |
+-------+--------+-----------+------+------------+--------+------+--------+
|  7369 | SMITH  | CLERK     | 7902 | 1980-01-17 |   1000 | NULL |     20 |
|  7566 | JONES  | MANAGER   | 7839 | 1981-04-02 |   2975 | NULL |     20 |
|  7698 | BLAKE  | MANAGER   | 7839 | 1981-05-01 |   2850 | NULL |     30 |
|  7782 | CLARK  | MANAGER   | 7839 | 1981-06-09 |   2450 | NULL |     10 |
|  7839 | SCOTT  | ANALYST   | 7566 | 1987-07-13 |   3000 | NULL |     20 |
|  7839 | KING   | PRESIDENT | NULL | 1981-11-17 |   5000 | NULL |     10 |
|  7876 | ADAMS  | CLERK     | 7788 | 1987-07-13 |   1300 | NULL |     20 |
|  7900 | JAMES  | CLERK     | 7698 | 1981-12-03 |   1150 | NULL |     30 |
|  7902 | FORD   | ANALYST   | 7566 | 1981-12-03 |   3000 | NULL |     20 |
|  7934 | MILLER | CLERK     | 7782 | 1982-01-23 |   1500 | NULL |     10 |
+-------+--------+-----------+------+------------+--------+------+--------+
10 rows in set (0.00 sec)
```

#### 将部门表中的40部门的地址修改成'xian'

```
mysql> UPDATE dept SET LOC='xian' WHERE DEPTNO=40;
Query OK, 1 row affected (0.06 sec)
Rows matched: 1  Changed: 1  Warnings: 0
```

####  假设李华的工资是2000，请查询出他的工资等级

```
mysql> SELECT GRADE FROM SALGRADE WHERE HISAL=2000;
+-------+
| GRADE |
+-------+
|     3 |
+-------+
1 row in set (0.00 sec)
```

#### 将MILLER的入职日期修改为1982年2月23日

```
mysql> UPDATE EMP SET HIREDATE='1982-2-23'WHERE ENAME='MILLER';
Query OK, 1 row affected (0.07 sec)
Rows matched: 1  Changed: 1  Warnings: 0
```





# 练习3

#### 在company数据库中创建product表

```
mysql> CREATE TABLE products (product_id INT COMMENT '商品编号');
Query OK, 0 rows affected (0.12 sec)

mysql> ALTER TABLE products ADD product_name VARCHAR(14) COMMENT '商品名称';
Query OK, 0 rows affected (0.06 sec)
Records: 0  Duplicates: 0  Warnings: 0

mysql> ALTER TABLE products ADD category VARCHAR(14) COMMENT '商品类别';
Query OK, 0 rows affected (0.05 sec)
Records: 0  Duplicates: 0  Warnings: 0

mysql> ALTER TABLE peoducts ADD price DOUBLE COMMENT '商品价格';
ERROR 1146 (42S02): Table 'company.peoducts' doesn't exist
mysql> ALTER TABLE products ADD price DOUBLE COMMENT '商品价格';
Query OK, 0 rows affected (0.07 sec)
Records: 0  Duplicates: 0  Warnings: 0
```



#### 将product表插进数据

```
mysql> INSERT INTO products (product_id,product_name,category,price) VALUES (1,'laptop','Electronics',1000.00);
Query OK, 1 row affected (0.07 sec)
mysql> INSERT INTO products (product_id,product_name,category,price) VALUES (2,'Smartphone','Electronics',800.00),(3,'Headphones','Accessories',100.00),(4,'T-shirt','Clothing',25.00),(5,'Moise','Electronics',20.00);
Query OK, 4 rows affected (0.07 sec)
Records: 4  Duplicates: 0  Warnings: 0
```

### 完成以下sql

####  写一条SQL查询语句，找出所有属于"Electronics"类 别的产品信息。

```
mysql> SELECT* FROM products WHERE category='Electronics';
+------------+--------------+-------------+-------+
| product_id | product_name | category    | price |
+------------+--------------+-------------+-------+
|          1 | laptop       | Electronics |  1000 |
|          2 | Smartphone   | Electronics |   800 |
|          5 | Moise        | Electronics |    20 |
+------------+--------------+-------------+-------+
3 rows in set (0.00 sec)
```

#### 写一条SQL查询语句，找出价格高于等于100.00的产品 信息。

```
mysql> SELECT * FROM products where price>=100.00;
+------------+--------------+-------------+-------+
| product_id | product_name | category    | price |
+------------+--------------+-------------+-------+
|          1 | laptop       | Electronics |  1000 |
|          2 | Smartphone   | Electronics |   800 |
|          3 | Headphones   | Accessories |   100 |
+------------+--------------+-------------+-------+
3 rows in set (0.00 sec)
```

####  写一条SQL查询语句，找出价格在20.00到1000.00之 间的产品信息。

```
mysql> SELECT* FROM products WHERE price BETWEEN 20.00 AND 1000.00;
+------------+--------------+-------------+-------+
| product_id | product_name | category    | price |
+------------+--------------+-------------+-------+
|          1 | laptop       | Electronics |  1000 |
|          2 | Smartphone   | Electronics |   800 |
|          3 | Headphones   | Accessories |   100 |
|          4 | T-shirt      | Clothing    |    25 |
|          5 | Moise        | Electronics |    20 |
+------------+--------------+-------------+-------+
5 rows in set (0.00 sec)
```

####  对于"products"表，有一个新的需求：将"category"列改名为"product_category"

```
mysql> ALTER table products change category product_category varchar(14);
Query OK, 0 rows affected (0.08 sec)
Records: 0  Duplicates: 0  Warnings: 0
```

####  将"price"列的数据类型从DECIMAL(10, 2)改为 DECIMAL(12, 2)。请提供相应的SQL语句来执行这些修 改。

```
mysql> ALTER TABLE products MODIFY price DECIMAL(12,2);
Query OK, 5 rows affected (0.24 sec)
Records: 5  Duplicates: 0  Warnings: 0
```

####  对于"products"表，又有一个新的需求：由于某些原 因，我们不再销售名为"Laptop"的产品，需要从表中删除 该记录。请提供一条SQL删除语句来执行此操作。

```
mysql> DELETE FROM products WHERE product_name='laptop';
Query OK, 1 row affected (0.07 sec)

mysql> SELECT * FROM PRODUCTS;
+------------+--------------+------------------+--------+
| product_id | product_name | product_category | price  |
+------------+--------------+------------------+--------+
|          2 | Smartphone   | Electronics      | 800.00 |
|          3 | Headphones   | Accessories      | 100.00 |
|          4 | T-shirt      | Clothing         |  25.00 |
|          5 | Moise        | Electronics      |  20.00 |
+------------+--------------+------------------+--------+
4 rows in set (0.00 sec)
```

####  写一条SQL查询语句，找出商品名称包含字母"e"的商品 信息。

```
mysql> SELECT * FROM products WHERE product_name LIKE '%e%';
+------------+--------------+------------------+--------+
| product_id | product_name | product_category | price  |
+------------+--------------+------------------+--------+
|          2 | Smartphone   | Electronics      | 800.00 |
|          3 | Headphones   | Accessories      | 100.00 |
|          5 | Moise        | Electronics      |  20.00 |
+------------+--------------+------------------+--------+
3 rows in set (0.00 sec)
```

####  如果要购买10个Mouse，请显示出最终的价格。

```
mysql> SELECT product_id,product_name,product_category ,price*10 AS 10PRICE  FROM products WHERE product_name='Moise';
+------------+--------------+------------------+---------+
| product_id | product_name | product_category | 10PRICE |
+------------+--------------+------------------+---------+
|          5 | Moise        | Electronics      |  200.00 |
+------------+--------------+------------------+---------+
1 row in set (0.00 sec)
```

#### 将商品的名字，商品的类别全部转换成小写形式并展示 所有信息。

```
 SELECT product_id,LOWER(product_name) AS product_name,LOWER (product_category) AS product_category,price FROM PRODUCTS;
+------------+--------------+------------------+--------+
| product_id | product_name | product_category | price  |
+------------+--------------+------------------+--------+
|          2 | smartphone   | electronics      | 800.00 |
|          3 | headphones   | accessories      | 100.00 |
|          4 | t-shirt      | clothing         |  25.00 |
|          5 | moise        | electronics      |  20.00 |
+------------+--------------+------------------+--------+
4 rows in set (0.05 sec)
```

####  将商品类别和名称拼接起来并显示其余的信息。比如： Elctronics-Mouse

```
mysql> SELECT product_id,CONCAT(product_category,'-',product_name)AS product_category_name,price FROM products;
+------------+------------------------+--------+
| product_id | product_category_name  | price  |
+------------+------------------------+--------+
|          2 | Electronics-Smartphone | 800.00 |
|          3 | Accessories-Headphones | 100.00 |
|          4 | Clothing-T-shirt       |  25.00 |
|          5 | Electronics-Moise      |  20.00 |
+------------+------------------------+--------+
4 rows in set (0.00 sec)