-- 任务1：编写脚本，创建mis数据库，创建dept表，创建employee表。

```
create database mis;
Query OK, 1 row affected (0.07 sec)

mysql> use mis;
Database changed
mysql> create table dept (dept_id int primary key auto_increment comment '部 门编号',dept_name varchar(20) not null comment '部门名称');
Query OK, 0 rows affected (0.14 sec)

insert into dept (dept_id,dept_name) values (1,'开发部门'),(2,'测试部 门');
Query OK, 2 rows affected (0.07 sec)
Records: 2  Duplicates: 0  Warnings: 0



create table employee (
    -> emp_id int primary key auto_increment comment ' 员工编号',
    -> emp_name varchar(20) comment '员工姓名',
    -> birthday date comment '出生日期',
    -> gender varchar(10) comment '员工性别',
    -> salary double comment '员工工资',
    -> dept_id int comment '部门编号');
Query OK, 0 rows affected (0.15 sec)


insert into employee (emp_id,emp_name,birthday,gender,salary,dept_id) values (1,'林冲','1981-10-10','男',2800,1),(2,'宋江','1992-6-21','男',3100,2),(3,'扈三娘','1984-3-8','女',3000,1),(4,'孙二娘','1985-6-7','女',2950,2);
Query OK, 4 rows affected (0.06 sec)
Records: 4  Duplicates: 0  Warnings: 0
```

任务2：添加约束 :dept表的 dept_name 列的值是唯一的 ;employee表的 dept_id 列引用dept表的 dept_id 列 ,给employee表的gender字段添加默认约 束，默认为'男'

```
alter table dept add constraint uq_dept_name unique(dept_name);
Query OK, 0 rows affected (0.15 sec)
Records: 0  Duplicates: 0  Warnings: 0


alter table employee add constraint foreign key fk_dept_id(dept_id)references dept(dept_id);
Query OK, 4 rows affected (0.23 sec)
Records: 4  Duplicates: 0  Warnings: 0


 alter table employee modify column gender varchar(20) default '男';
Query OK, 0 rows affected (0.08 sec)
Records: 0  Duplicates: 0  Warnings: 0
```

 任务3：根据表2和表4，向dept表和employee表中添加测试数据

```
mysql> insert into dept (dept_id) values (3);
ERROR 1364 (HY000): Field 'dept_name' doesn't have a default value
mysql> insert into dept (dept_name) values ('营销部门');
Query OK, 1 row affected (0.04 sec)

mysql> select * from dept;
+---------+-----------+
| dept_id | dept_name |
+---------+-----------+
|       1 | 开发部门  |
|       2 | 测试部门  |
|       3 | 营销部门  |
+---------+-----------+
3 rows in set (0.00 sec)

mysql> insert into employee (emp_name)values ('王大锤');
Query OK, 1 row affected (0.06 sec)

mysql> select* from employee;
+--------+----------+------------+--------+--------+---------+
| emp_id | emp_name | birthday   | gender | salary | dept_id |
+--------+----------+------------+--------+--------+---------+
|      1 | 林冲     | 1981-10-10 | 男     |   2800 |       1 |
|      2 | 宋江     | 1992-06-21 | 男     |   3100 |       2 |
|      3 | 扈三娘   | 1984-03-08 | 女     |   3000 |       1 |
|      4 | 孙二娘   | 1985-06-07 | 女     |   2950 |       2 |
|      5 | 王大锤   | NULL       | 男     |   NULL |    NULL |
+--------+----------+------------+--------+--------+---------+
5 rows in set (0.00 sec)
```

 任务4：查询工资大于2900元的员工信息

```
mysql> select * from employee where salary>2900;
+--------+----------+------------+--------+--------+---------+
| emp_id | emp_name | birthday   | gender | salary | dept_id |
+--------+----------+------------+--------+--------+---------+
|      2 | 宋江     | 1992-06-21 | 男     |   3100 |       2 |
|      3 | 扈三娘   | 1984-03-08 | 女     |   3000 |       1 |
|      4 | 孙二娘   | 1985-06-07 | 女     |   2950 |       2 |
+--------+----------+------------+--------+--------+---------+
3 rows in set (0.00 sec)
```

务5：将孙二娘的出生日期更改为1985-6-8

```
mysql> update employee set birthday = '1985-6-8'where emp_name='孙二娘';
Query OK, 1 row affected (0.07 sec)
Rows matched: 1  Changed: 1  Warnings: 0
```

 任务6：删除员工扈三娘

```
mysql> delete from  employee where emp_name='扈三娘';
Query OK, 1 row affected (0.05 sec)
```

 任务7：查找工资最低的两个员工

```
mysql> select* from employee order by salary asc limit 0,2;
+--------+----------+------------+--------+--------+---------+
| emp_id | emp_name | birthday   | gender | salary | dept_id |
+--------+----------+------------+--------+--------+---------+
|      5 | 王大锤   | NULL       | 男     |   NULL |    NULL |
|      1 | 林冲     | 1981-10-10 | 男     |   2800 |       1 |
+--------+----------+------------+--------+--------+---------+
2 rows in set (0.00 sec)
```

 任务8：按照工资降序排序员工信息

```
mysql> select * from employee order by salary desc;
+--------+----------+------------+--------+--------+---------+
| emp_id | emp_name | birthday   | gender | salary | dept_id |
+--------+----------+------------+--------+--------+---------+
|      2 | 宋江     | 1992-06-21 | 男     |   3100 |       2 |
|      4 | 孙二娘   | 1985-06-08 | 女     |   2950 |       2 |
|      1 | 林冲     | 1981-10-10 | 男     |   2800 |       1 |
|      5 | 王大锤   | NULL       | 男     |   NULL |    NULL |
+--------+----------+------------+--------+--------+---------+
4 rows in set (0.00 sec)
```

 任务9：删除测试部门及其员工

```
mysql> delete from employee where dept_id in(select dept_id from dept where dept_name='测试部门');
Query OK, 2 rows affected (0.08 sec)


mysql> delete from dept where dept_name='测试部门';
Query OK, 1 row affected (0.07 sec)
```

任务10: 统计男员工和女员工的人数

```
mysql> select gender,count(*) as count from employee group by gender;
+--------+-------+
| gender | count |
+--------+-------+
| 男     |     2 |
+--------+-------+
1 row in set (0.00 sec)
```

 任务11： 计算最高工资和最低工资的差额

```
mysql> select  (max(salary)-min(salary)) as '最高工资和最低工资的差额' from employee;
+--------------------------+
| 最高工资和最低工资的差额 |
+--------------------------+
|                        0 |
+--------------------------+
1 row in set (0.00 sec)

mysql> select *from employee;
+--------+----------+------------+--------+--------+---------+
| emp_id | emp_name | birthday   | gender | salary | dept_id |
+--------+----------+------------+--------+--------+---------+
|      1 | 林冲     | 1981-10-10 | 男     |   2800 |       1 |
|      5 | 王大锤   | NULL       | 男     |   NULL |    NULL |
+--------+----------+------------+--------+--------+---------+
2 rows in set (0.00 sec)

mysql> delete from employee where emp_id=5;
Query OK, 1 row affected (0.08 sec)


mysql> insert into employee (emp_id,emp_name,birthday,gender,salary,dept_id) values (6,'王大锤','1988-10-24','男',3000,1);
Query OK, 1 row affected (0.04 sec)

mysql> select  (max(salary)-min(salary)) as '最高工资和最低工资的差额' from employee;
+--------------------------+
| 最高工资和最低工资的差额 |
+--------------------------+
|                      200 |
+--------------------------+
1 row in set (0.00 sec)
```

 拓展任务：统计部门平均工资，及部门名称

```
mysql> select dept.dept_name as 部门,avg(employee.salary) as '平均工资'from dept,employee where dept.dept_id=employee.dept_id group by dept.dept_name;
+----------+----------+
| 部门     | 平均工资 |
+----------+----------+
| 开发部门 |     2900 |
+----------+----------+
1 row in set (0.00 sec)

mysql>
```

 拓展任务：查询员工信息，显示员工姓名，部门名称，薪水

```
mysql> select (employee.emp_name)as '员工姓名',(dept.dept_name)as '部门名称',(employee.salary)as '薪水' from employee,dept where employee.dept_id=dept.dept_id;
+----------+----------+------+
| 员工姓名 | 部门名称 | 薪水 |
+----------+----------+------+
| 林冲     | 开发部门 | 2800 |
| 王大锤   | 开发部门 | 3000 |
+----------+----------+------+
2 rows in set (0.00 sec)